[{"stream_name":"stderr","time":8.50871089,"data":"0.00s - Debugger warning: It seems that frozen modules are being used, which may\n"}
,{"stream_name":"stderr","time":8.50879805,"data":"0.00s - make the debugger miss breakpoints. Please pass -Xfrozen_modules=off\n"}
,{"stream_name":"stderr","time":8.508804296,"data":"0.00s - to python to disable frozen modules.\n"}
,{"stream_name":"stderr","time":8.508807464,"data":"0.00s - Note: Debugging will proceed. Set PYDEVD_DISABLE_FILE_VALIDATION=1 to disable this validation.\n"}
,{"stream_name":"stderr","time":9.303295249,"data":"0.00s - Debugger warning: It seems that frozen modules are being used, which may\n"}
,{"stream_name":"stderr","time":9.303345942,"data":"0.00s - make the debugger miss breakpoints. Please pass -Xfrozen_modules=off\n"}
,{"stream_name":"stderr","time":9.303351706,"data":"0.00s - to python to disable frozen modules.\n"}
,{"stream_name":"stderr","time":9.303355902,"data":"0.00s - Note: Debugging will proceed. Set PYDEVD_DISABLE_FILE_VALIDATION=1 to disable this validation.\n"}
,{"stream_name":"stdout","time":11.69489206,"data":"data: /kaggle/input/competitions/the-great-kacchi-aloo-mystery | train 776 rows with aloo_count | test 400 rows\n"}
,{"stream_name":"stdout","time":13.816420901,"data":"cut-points 0.97068 / 2.00983; out-of-fold error rate by distance to the edge (0-0.01, 0.01-0.035, 0.035-0.1, 0.1-0.4, \u003e0.4): [0.127 0.374 0.148 0.022 0.   ]\n"}
,{"stream_name":"stdout","time":13.865141382000001,"data":"rows with 0.25 \u003c P \u003c 0.75: {'E16': 26, 'E30': 17, 'E31': 3}\n"}
,{"stream_name":"stdout","time":13.89491878,"data":"wedding_id guests aloo_count      apg     P  A  ticket\n"}
,{"stream_name":"stdout","time":13.894955982,"data":"     W1163    203        197 0.970443 0.379  0       1\n"}
,{"stream_name":"stdout","time":13.89496293,"data":"     W0968    578        561 0.970588 0.425  0       1\n"}
,{"stream_name":"stdout","time":13.894967366,"data":"     W1119    426        418 0.981221 0.692  1       0\n"}
,{"stream_name":"stdout","time":13.89497132,"data":"     W1157    317        313 0.987382 0.692  1       0\n"}
,{"stream_name":"stdout","time":13.894975946,"data":"     W1179   1400       1399 0.999286 0.692  1       0\n"}
,{"stream_name":"stdout","time":13.894980217,"data":"     W1022   1485       1487 1.001347 0.694  1       0\n"}
,{"stream_name":"stdout","time":13.894984466,"data":"     W0972    179        180 1.005587 0.699  1       0\n"}
,{"stream_name":"stdout","time":13.917353396,"data":"wrote submission.csv: 179 ones / 400 rows\n"}
,{"stream_name":"stdout","time":13.9173929,"data":"identical to the submitted file 'N0567.csv': True\n"}
,{"stream_name":"stdout","time":13.939243735,"data":"OPT01.csv ['W0815', 'W1006', 'W1012', 'W1153', 'W1180']\n"}
,{"stream_name":"stderr","time":17.576091274,"data":"/usr/local/lib/python3.13/dist-packages/mistune.py:435: SyntaxWarning: invalid escape sequence '\\|'\n"}
,{"stream_name":"stderr","time":17.576123475,"data":"  cells[i][c] = re.sub('\\\\\\\\\\|', '|', cell)\n"}
,{"stream_name":"stderr","time":17.775252544,"data":"/usr/local/lib/python3.13/dist-packages/nbconvert/filters/filter_links.py:36: SyntaxWarning: invalid escape sequence '\\_'\n"}
,{"stream_name":"stderr","time":17.775278511,"data":"  text = re.sub(r'_', '\\_', text) # Escape underscores in display text\n"}
,{"stream_name":"stderr","time":18.785889371,"data":"[NbConvertApp] Converting notebook __notebook__.ipynb to notebook\n"}
,{"stream_name":"stderr","time":18.88067501,"data":"[NbConvertApp] Writing 18098 bytes to __notebook__.ipynb\n"}
,{"stream_name":"stderr","time":22.280181917,"data":"[NbConvertApp] Converting notebook __notebook__.ipynb to html\n"}
,{"stream_name":"stderr","time":23.00121853,"data":"[NbConvertApp] Writing 340678 bytes to __results__.html\n"}
]