[{"stream_name":"stderr","time":12.894747998,"data":"0.00s - Debugger warning: It seems that frozen modules are being used, which may\n"}
,{"stream_name":"stderr","time":12.89480551,"data":"0.00s - make the debugger miss breakpoints. Please pass -Xfrozen_modules=off\n"}
,{"stream_name":"stderr","time":12.894811764,"data":"0.00s - to python to disable frozen modules.\n"}
,{"stream_name":"stderr","time":12.894815568,"data":"0.00s - Note: Debugging will proceed. Set PYDEVD_DISABLE_FILE_VALIDATION=1 to disable this validation.\n"}
,{"stream_name":"stderr","time":13.842012718,"data":"0.00s - Debugger warning: It seems that frozen modules are being used, which may\n"}
,{"stream_name":"stderr","time":13.842052773,"data":"0.00s - make the debugger miss breakpoints. Please pass -Xfrozen_modules=off\n"}
,{"stream_name":"stderr","time":13.842058623,"data":"0.00s - to python to disable frozen modules.\n"}
,{"stream_name":"stderr","time":13.842062782,"data":"0.00s - Note: Debugging will proceed. Set PYDEVD_DISABLE_FILE_VALIDATION=1 to disable this validation.\n"}
,{"stream_name":"stdout","time":25.958162754,"data":"data dir: /kaggle/input/competitions/the-great-kacchi-aloo-mystery\n"}
,{"stream_name":"stdout","time":26.075034602,"data":"       missing aloo  Bangla digits  extra-zero aloo  guests \u003e 700\n"}
,{"stream_name":"stdout","time":26.075069951,"data":"train            24             15                6             0\n"}
,{"stream_name":"stdout","time":26.075083676,"data":"test              0              0                0           145\n"}
,{"stream_name":"stdout","time":26.113472279,"data":"Spearman correlation with the target:\n"}
,{"stream_name":"stdout","time":26.113512198,"data":"guests                          0.026\n"}
,{"stream_name":"stdout","time":26.113518023,"data":"aloo_count                      0.050\n"}
,{"stream_name":"stdout","time":26.113522113,"data":"mutton_kg                       0.009\n"}
,{"stream_name":"stdout","time":26.11352601,"data":"borhani_glasses                 0.046\n"}
,{"stream_name":"stdout","time":26.113529741,"data":"fairy_lights                    0.045\n"}
,{"stream_name":"stdout","time":26.113533442,"data":"dhol_players                   -0.003\n"}
,{"stream_name":"stdout","time":26.113537183,"data":"aunties_asking_when_marriage   -0.072\n"}
,{"stream_name":"stdout","time":26.953911555,"data":"aloo/guest     min 0.4028  max 2.7000\n"}
,{"stream_name":"stdout","time":26.95395123,"data":"mutton/guest   min 0.1801  max 0.3199\n"}
,{"stream_name":"stdout","time":26.953957027,"data":"borhani/guest  min 0.7997  max 1.4969\n"}
,{"stream_name":"stdout","time":26.953979214,"data":"apg    (0.4, 0.5]  (0.5, 0.6]  (0.6, 0.7]  (0.7, 0.8]  (0.8, 0.9]  (0.9, 1.0]  (1.0, 1.1]  (1.1, 1.2]  (1.2, 1.3]  (1.3, 1.4]  (1.4, 1.5]  (1.5, 1.6]  (1.6, 1.7]  (1.7, 1.8]  (1.8, 1.9]  (1.9, 2.0]  (2.0, 2.1]  (2.1, 2.2]  (2.2, 2.3]  (2.3, 2.4]  (2.4, 2.5]  (2.5, 2.6]  (2.6, 2.7]  (2.7, 2.8]\n"}
,{"stream_name":"stdout","time":26.953986903,"data":"mean          0.0         0.0         0.0         0.0         0.0        0.32        0.78        0.97         1.0         1.0         1.0         1.0        0.96        0.97        0.92        0.78         0.3        0.03        0.06         0.0         0.0         0.0         0.0         0.0\n"}
,{"stream_name":"stdout","time":26.953992393,"data":"count        37.0        33.0        32.0        36.0        39.0       37.00       32.00       37.00        34.0        38.0        31.0        25.0       24.00       39.00       37.00       23.00        37.0       35.00       35.00        30.0        31.0        36.0        37.0         1.0\n"}
,{"stream_name":"stdout","time":37.486939532,"data":"             cv_acc      se\n"}
,{"stream_name":"stdout","time":37.486999545,"data":"band_rule    0.9558  0.0018\n"}
,{"stream_name":"stdout","time":37.48700514,"data":"lgbm_logapg  0.9541  0.0018\n"}
,{"stream_name":"stdout","time":37.487008898,"data":"knn5         0.9513  0.0021\n"}
,{"stream_name":"stdout","time":37.487012623,"data":"fixed_1_2    0.9446  0.0023\n"}
,{"stream_name":"stdout","time":37.487021543,"data":"logmle_band  0.9407  0.0022\n"}
,{"stream_name":"stdout","time":37.6897834,"data":"band rule thresholds: (0.9700, 2.0087)   log-MLE thresholds: (0.9911, 1.9912)\n"}
,{"stream_name":"stdout","time":38.102790455,"data":"submission_band_rule.csv  CV 0.9558  positive rate 0.460  differs from band_rule on 0 rows\n"}
,{"stream_name":"stdout","time":38.102828034,"data":"submission_lgbm_logapg.csv  CV 0.9541  positive rate 0.455  differs from band_rule on 2 rows\n"}
,{"stream_name":"stdout","time":38.102832101,"data":"submission_knn5.csv  CV 0.9513  positive rate 0.443  differs from band_rule on 7 rows\n"}
,{"stream_name":"stdout","time":38.102834877,"data":"submission_logmle_band.csv  CV 0.9407  positive rate 0.445  differs from band_rule on 6 rows\n"}
,{"stream_name":"stdout","time":38.102837822,"data":"submission.csv = band_rule\n"}
,{"stream_name":"stderr","time":42.143273561,"data":"/usr/local/lib/python3.13/dist-packages/mistune.py:435: SyntaxWarning: invalid escape sequence '\\|'\n"}
,{"stream_name":"stderr","time":42.143320222,"data":"  cells[i][c] = re.sub('\\\\\\\\\\|', '|', cell)\n"}
,{"stream_name":"stderr","time":42.410151648,"data":"/usr/local/lib/python3.13/dist-packages/nbconvert/filters/filter_links.py:36: SyntaxWarning: invalid escape sequence '\\_'\n"}
,{"stream_name":"stderr","time":42.410189584,"data":"  text = re.sub(r'_', '\\_', text) # Escape underscores in display text\n"}
,{"stream_name":"stderr","time":43.574184415,"data":"[NbConvertApp] Converting notebook __notebook__.ipynb to notebook\n"}
,{"stream_name":"stderr","time":43.681645579,"data":"[NbConvertApp] Writing 189065 bytes to __notebook__.ipynb\n"}
,{"stream_name":"stderr","time":47.333661209,"data":"[NbConvertApp] Converting notebook __notebook__.ipynb to html\n"}
,{"stream_name":"stderr","time":48.190497349,"data":"[NbConvertApp] Support files will be in __results___files/\n"}
,{"stream_name":"stderr","time":48.19054152,"data":"[NbConvertApp] Making directory __results___files\n"}
,{"stream_name":"stderr","time":48.190745565,"data":"[NbConvertApp] Writing 334064 bytes to __results__.html\n"}
]