[{"stream_name":"stderr","time":9.284204263,"data":"0.00s - Debugger warning: It seems that frozen modules are being used, which may\n"}
,{"stream_name":"stderr","time":9.284255726,"data":"0.00s - make the debugger miss breakpoints. Please pass -Xfrozen_modules=off\n"}
,{"stream_name":"stderr","time":9.284262542,"data":"0.00s - to python to disable frozen modules.\n"}
,{"stream_name":"stderr","time":9.284267136,"data":"0.00s - Note: Debugging will proceed. Set PYDEVD_DISABLE_FILE_VALIDATION=1 to disable this validation.\n"}
,{"stream_name":"stderr","time":10.014191922,"data":"0.00s - Debugger warning: It seems that frozen modules are being used, which may\n"}
,{"stream_name":"stderr","time":10.014228699,"data":"0.00s - make the debugger miss breakpoints. Please pass -Xfrozen_modules=off\n"}
,{"stream_name":"stderr","time":10.014234168,"data":"0.00s - to python to disable frozen modules.\n"}
,{"stream_name":"stderr","time":10.014238453,"data":"0.00s - Note: Debugging will proceed. Set PYDEVD_DISABLE_FILE_VALIDATION=1 to disable this validation.\n"}
,{"stream_name":"stdout","time":20.73976353,"data":"data dir: /kaggle/input/competitions/the-great-kacchi-aloo-mystery\n"}
,{"stream_name":"stdout","time":20.739801677,"data":"TRAIN\n"}
,{"stream_name":"stdout","time":20.759956313,"data":"TEST\n"}
,{"stream_name":"stdout","time":20.830490398,"data":"extra-zero rows  train: 6  test: 0\n"}
,{"stream_name":"stdout","time":22.195449134,"data":"                              train_max  test_max\n"}
,{"stream_name":"stdout","time":22.195489583,"data":"guests                            700.0    1499.0\n"}
,{"stream_name":"stdout","time":22.195494167,"data":"aloo_count                      11520.0    3814.0\n"}
,{"stream_name":"stdout","time":22.195497975,"data":"mutton_kg                         221.3     453.3\n"}
,{"stream_name":"stdout","time":22.195501714,"data":"borhani_glasses                  1016.0    2166.0\n"}
,{"stream_name":"stdout","time":22.195505583,"data":"fairy_lights                     2861.0    5942.0\n"}
,{"stream_name":"stdout","time":22.195509709,"data":"dhol_players                        8.0       8.0\n"}
,{"stream_name":"stdout","time":22.195513566,"data":"aunties_asking_when_marriage       16.0      12.0\n"}
,{"stream_name":"stdout","time":22.195517941,"data":"test weddings with guests \u003e train max (700): 145 of 400\n"}
,{"stream_name":"stdout","time":23.98571476,"data":"Spearman with target:\n"}
,{"stream_name":"stdout","time":23.985754065,"data":"aunties_asking_when_marriage   -0.070\n"}
,{"stream_name":"stdout","time":23.985759241,"data":"aloo_pg                        -0.048\n"}
,{"stream_name":"stdout","time":23.985763119,"data":"mutton_pg                      -0.029\n"}
,{"stream_name":"stdout","time":23.985766894,"data":"dhol_players                    0.002\n"}
,{"stream_name":"stdout","time":23.985770658,"data":"mutton_kg                       0.009\n"}
,{"stream_name":"stdout","time":23.985774673999998,"data":"guests                          0.022\n"}
,{"stream_name":"stdout","time":23.98577826,"data":"drone                           0.041\n"}
,{"stream_name":"stdout","time":23.98578194,"data":"borhani_glasses                 0.042\n"}
,{"stream_name":"stdout","time":23.985785518,"data":"fairy_pg                        0.046\n"}
,{"stream_name":"stdout","time":23.985788942,"data":"aloo_count                      0.050\n"}
,{"stream_name":"stdout","time":23.985792452,"data":"fairy_lights                    0.052\n"}
,{"stream_name":"stdout","time":23.985795823,"data":"borhani_pg                      0.057\n"}
,{"stream_name":"stdout","time":23.985798148,"data":"dtype: float64\n"}
,{"stream_name":"stdout","time":24.804680923,"data":"                  mean  count\n"}
,{"stream_name":"stdout","time":24.804722369,"data":"aloo_missing                 \n"}
,{"stream_name":"stdout","time":24.8047273,"data":"0             0.422680    776\n"}
,{"stream_name":"stdout","time":24.804730848,"data":"1             0.333333     24\n"}
,{"stream_name":"stdout","time":24.804734212,"data":"                  mean  count\n"}
,{"stream_name":"stdout","time":24.80473771,"data":"fairy_bangla                 \n"}
,{"stream_name":"stdout","time":24.804741274,"data":"0             0.422930    785\n"}
,{"stream_name":"stdout","time":24.804744814,"data":"1             0.266667     15\n"}
,{"stream_name":"stdout","time":25.753809847,"data":"aloo_pg  (0.4, 0.5]  (0.5, 0.6]  (0.6, 0.7]  (0.7, 0.8]  (0.8, 0.9]  (0.9, 1.0]  (1.0, 1.1]  (1.1, 1.2]  (1.2, 1.3]  (1.3, 1.4]  ...  (1.8, 1.9]  (1.9, 2.0]  (2.0, 2.1]  (2.1, 2.2]  (2.2, 2.3]  \\\n"}
,{"stream_name":"stdout","time":25.75384618,"data":"mean            0.0         0.0         0.0         0.0         0.0        0.32        0.78        0.97         1.0         1.0  ...        0.92        0.78         0.3        0.03        0.06   \n"}
,{"stream_name":"stdout","time":25.753851877,"data":"count          37.0        33.0        32.0        36.0        39.0       37.00       32.00       37.00        34.0        38.0  ...       37.00       23.00        37.0       35.00       35.00   \n"}
,{"stream_name":"stdout","time":25.753856331,"data":"\n"}
,{"stream_name":"stdout","time":25.753859918,"data":"aloo_pg  (2.3, 2.4]  (2.4, 2.5]  (2.5, 2.6]  (2.6, 2.7]  (2.7, 2.8]  \n"}
,{"stream_name":"stdout","time":25.753863985,"data":"mean            0.0         0.0         0.0         0.0         0.0  \n"}
,{"stream_name":"stdout","time":25.753867626999998,"data":"count          30.0        31.0        36.0        37.0         1.0  \n"}
,{"stream_name":"stdout","time":25.753871543,"data":"\n"}
,{"stream_name":"stdout","time":25.753875289,"data":"[2 rows x 24 columns]\n"}
,{"stream_name":"stdout","time":28.869973211,"data":"                              mean     std\n"}
,{"stream_name":"stdout","time":28.870015849,"data":"Logistic, raw features      0.5554  0.0141\n"}
,{"stream_name":"stdout","time":28.870021583,"data":"LightGBM, raw features      0.8596  0.0140\n"}
,{"stream_name":"stdout","time":28.870025669,"data":"Logistic, engineered (all)  0.9317  0.0104\n"}
,{"stream_name":"stdout","time":28.870029839,"data":"LightGBM, engineered (all)  0.9407  0.0094\n"}
,{"stream_name":"stdout","time":28.870033392,"data":"Logistic, apg + apg²        0.9420  0.0181\n"}
,{"stream_name":"stdout","time":28.870038312,"data":"Fixed rule 1\u003capg\u003c2          0.9446  0.0201\n"}
,{"stream_name":"stdout","time":28.870042872,"data":"LightGBM, apg only          0.9536  0.0024\n"}
,{"stream_name":"stdout","time":28.870046556,"data":"Fitted band rule            0.9549  0.0070\n"}
,{"stream_name":"stdout","time":29.146346237,"data":"Accuracy-optimal band on full train: 0.970 \u003c apg \u003c 2.010\n"}
,{"stream_name":"stdout","time":29.146393712,"data":"  band (1.000, 2.000): train acc 0.9446, 43 errors; max distance of an error from an edge = 0.316\n"}
,{"stream_name":"stdout","time":29.146400005,"data":"  band (0.970, 2.010): train acc 0.9575, 33 errors; max distance of an error from an edge = 0.326\n"}
,{"stream_name":"stdout","time":29.146409106,"data":"event {'Biye': (np.float64(0.97), np.float64(2.01)), 'Bou-bhat': (np.float64(0.97), np.float64(2.01)), 'Gaye Holud': (np.float64(1.0), np.float64(1.99))}\n"}
,{"stream_name":"stdout","time":29.257044801,"data":"drone_photographer {'no': (np.float64(0.97), np.float64(2.0)), 'yes': (np.float64(0.94), np.float64(2.01))}\n"}
,{"stream_name":"stdout","time":29.658032545,"data":"city {'Barishal': (np.float64(0.99), np.float64(2.0)), 'Chattogram': (np.float64(0.97), np.float64(2.01)), 'Dhaka': (np.float64(1.06), np.float64(2.0)), 'Khulna': (np.float64(0.96), np.float64(1.89)), 'Mymensingh': (np.float64(0.94), np.float64(1.86)), 'Rajshahi': (np.float64(0.97), np.float64(1.92)), 'Rangpur': (np.float64(0.92), np.float64(1.87)), 'Sylhet': (np.float64(0.92), np.float64(2.01))}\n"}
,{"stream_name":"stdout","time":29.750216151,"data":"Rows with missing aloo (train only): 24 | target rate 0.333\n"}
,{"stream_name":"stdout","time":29.750250488,"data":"Can aloo be imputed? corr(aloo_pg, other ratios):\n"}
,{"stream_name":"stdout","time":29.750318279,"data":"aloo_pg       1.000\n"}
,{"stream_name":"stdout","time":29.750322244,"data":"mutton_pg     0.036\n"}
,{"stream_name":"stdout","time":29.750326465,"data":"borhani_pg   -0.030\n"}
,{"stream_name":"stdout","time":29.75033028,"data":"fairy_pg     -0.002\n"}
,{"stream_name":"stdout","time":29.750334015,"data":"Name: aloo_pg, dtype: float64\n"}
,{"stream_name":"stdout","time":29.844121595,"data":"test rows where band (BLO,BHI) and (1,2) disagree: 5\n"}
,{"stream_name":"stdout","time":29.84415403,"data":"test predicted positive rate: 0.46 | train base rate: 0.42\n"}
,{"stream_name":"stdout","time":29.84415891,"data":"test rows near an edge (|apg-1|\u003c.1 or |apg-2|\u003c.1): 76\n"}
,{"stream_name":"stdout","time":29.84416329,"data":"wrote submission_rule.csv\n"}
,{"stream_name":"stderr","time":34.194550421,"data":"/usr/local/lib/python3.13/dist-packages/mistune.py:435: SyntaxWarning: invalid escape sequence '\\|'\n"}
,{"stream_name":"stderr","time":34.194585455,"data":"  cells[i][c] = re.sub('\\\\\\\\\\|', '|', cell)\n"}
,{"stream_name":"stderr","time":34.398987865,"data":"/usr/local/lib/python3.13/dist-packages/nbconvert/filters/filter_links.py:36: SyntaxWarning: invalid escape sequence '\\_'\n"}
,{"stream_name":"stderr","time":34.399020191,"data":"  text = re.sub(r'_', '\\_', text) # Escape underscores in display text\n"}
,{"stream_name":"stderr","time":35.321994418,"data":"[NbConvertApp] Converting notebook __notebook__.ipynb to notebook\n"}
,{"stream_name":"stderr","time":35.441009308,"data":"[NbConvertApp] Writing 738878 bytes to __notebook__.ipynb\n"}
,{"stream_name":"stderr","time":38.62906422,"data":"[NbConvertApp] Converting notebook __notebook__.ipynb to html\n"}
,{"stream_name":"stderr","time":39.392720896,"data":"[NbConvertApp] Support files will be in __results___files/\n"}
,{"stream_name":"stderr","time":39.39275679,"data":"[NbConvertApp] Making directory __results___files\n"}
,{"stream_name":"stderr","time":39.393040241,"data":"[NbConvertApp] Making directory __results___files\n"}
,{"stream_name":"stderr","time":39.393193048,"data":"[NbConvertApp] Making directory __results___files\n"}
,{"stream_name":"stderr","time":39.393385129,"data":"[NbConvertApp] Making directory __results___files\n"}
,{"stream_name":"stderr","time":39.393548998,"data":"[NbConvertApp] Making directory __results___files\n"}
,{"stream_name":"stderr","time":39.393780719,"data":"[NbConvertApp] Making directory __results___files\n"}
,{"stream_name":"stderr","time":39.393966932,"data":"[NbConvertApp] Making directory __results___files\n"}
,{"stream_name":"stderr","time":39.394139214,"data":"[NbConvertApp] Making directory __results___files\n"}
,{"stream_name":"stderr","time":39.394356111,"data":"[NbConvertApp] Making directory __results___files\n"}
,{"stream_name":"stderr","time":39.394586667,"data":"[NbConvertApp] Writing 404608 bytes to __results__.html\n"}
]