== AUDIT
  shapes: {'train': [800, 12], 'test': [400, 11]}
  missing: {'train': {'aloo_count': 24}, 'test': {}}
  non_ascii_numeric_cells: {'guests': [0, 0], 'aloo_count': [0, 0], 'mutton_kg': [0, 0], 'borhani_glasses': [0, 0], 'fairy_lights': [15, 0], 'dhol_players': [0, 0], 'aunties_asking_when_marriage': [0, 0]}
  x10_rows: {'train': ['W0081', 'W0317', 'W0448', 'W0502', 'W0672', 'W0786'], 'test': [], 'raw_ratios_train': [22.7, 9.7, 16.46, 16.58, 26.75, 23.39]}
  post_fix_apg_range: {'train': [0.40601503759398494, 2.7], 'test': [0.4028436018957346, 2.6844660194174756]}
  duplicates: {'within_train': 0, 'within_test': 0, 'train_test_exact': 0, 'train_test_same_guests_and_aloo': 0}
  ids: {'train': [1.0, 800.0], 'test': [801.0, 1200.0], 'overlap': 0}
  leak_target_vs_id: {'spearman': -0.04824211152518749, 'p': 0.17283424822279012, 'auc_id': 0.47178391830870275}
  leak_band_errors_vs_id: {'spearman': -0.013490025591587903, 'p': 0.7075117879017211}
  adversarial_auc: {'raw_features': 0.6640882731958763, 'per_guest_features': 0.5442364690721649, 'apg_only': 0.5376626932989691}
  shift guests: {'ks': 0.36625, 'ks_p': 2.898242102615763e-32, 'psi': 0.6198059378060371, 'train_max': 700.0, 'test_max': 1499.0, 'test_above_train_max': 145}
  shift apg: {'ks': 0.04082474226804124, 'ks_p': 0.7508634290928234, 'psi': 0.03928442992682761, 'train_max': 2.7, 'test_max': 2.6844660194174756, 'test_above_train_max': 0}
  shift mutton_pg: {'ks': 0.08625, 'ks_p': 0.03706890513141939, 'psi': 0.058188309267730394, 'train_max': 0.3198540145985401, 'test_max': 0.3197278911564626, 'test_above_train_max': 0}
  shift borhani_pg: {'ks': 0.06, 'ks_p': 0.2886328986615537, 'psi': 0.033152154030530054, 'train_max': 1.496881496881497, 'test_max': 1.4964705882352942, 'test_above_train_max': 0}

== EXPERIMENTS (10x5 repeated CV, 776 clean rows; stratified on target x apg-zone)
  E0a   cv 0.8082 ± 0.0277 [0.729, 0.871]  stress 0.5548  test+ 0.320  (36.6s)  RandomForest(300) raw columns
  E0    cv 0.9546 ± 0.0108 [0.929, 0.974]  stress 0.9613  test+ 0.460  (1.5s)  accuracy-optimal band, plateau centre (public 'band_rule')
  E0b   cv 0.9543 ± 0.0111 [0.929, 0.974]  stress 0.9613  test+ 0.455  (0.4s)  Rafiur midpoint cut-points, closed band
  E0c   cv 0.9446 ± 0.0117 [0.916, 0.968]  stress 0.9452  test+ 0.448  (0.1s)  fixed 1<apg<2 (no fitting)
  E2a   cv 0.9544 ± 0.0105 [0.929, 0.974]  stress 0.9613  test+ 0.460  (1.5s)  train WITHOUT x10 fix (raw aloo)
  E2b   cv 0.9544 ± 0.0105 [0.929, 0.974]  stress 0.9613  test+ 0.460  (1.5s)  drop x10 rows from training
  E2c   cv 0.9400 ± 0.0112 [0.916, 0.961]  stress 0.9387  test+ 0.445  (3.3s)  soft band in log(apg)
  E3a   cv 0.9421 ± 0.0115 [0.916, 0.961]  stress 0.9452  test+ 0.450  (3.1s)  soft-band MLE (linear apg), p>0.5
  E3b   cv 0.9386 ± 0.0125 [0.917, 0.955]  stress 0.9387  test+ 0.445  (57.0s)  bagged soft band
  E4a   cv 0.9506 ± 0.0108 [0.929, 0.974]  stress 0.9419  test+ 0.455  (0.3s)  DecisionTree(max_depth=2) on apg
  E5a   cv 0.9450 ± 0.0120 [0.916, 0.968]  stress 0.9484  test+ 0.453  (0.6s)  LogisticRegression on [z, z^2], z=log apg
  E5b   cv 0.9504 ± 0.0101 [0.929, 0.974]  stress 0.9484  test+ 0.443  (0.3s)  kNN k=5 on log apg
  E5c   cv 0.9476 ± 0.0096 [0.923, 0.968]  stress 0.9452  test+ 0.465  (0.3s)  kNN k=25 on log apg
  E5d   cv 0.5620 ± 0.0311 [0.510, 0.619]  stress 0.5419  test+ 0.270  (1.0s)  LogisticRegression raw
  E5e   cv 0.9537 ± 0.0117 [0.929, 0.981]  stress 0.9613  test+ 0.455  (8.4s)  LightGBM log apg, 3 seeds
  E5f   cv 0.9412 ± 0.0131 [0.910, 0.968]  stress 0.9419  test+ 0.450  (4.2s)  LightGBM all ratio features
  E5g   cv 0.8255 ± 0.0248 [0.769, 0.872]  stress 0.5871  test+ 0.378  (5.6s)  LightGBM raw features
  E6    cv 0.9504 ± 0.0107 [0.923, 0.974]  stress 0.9516  test+ 0.455  (19.1s)  mean P of soft-lin, soft-log, quad-logit, (lgbm), knn25
  E7    cv 0.9445 ± 0.0114 [0.916, 0.961]  stress 0.9484  test+ 0.453  (19.6s)  hard-vote of the same members
  E8    cv 0.9425 ± 0.0141 [0.917, 0.961]  stress 0.9452  test+ 0.450  (15.8s)  LR meta on inner-CV OOF
  E9    cv 0.9421 ± 0.0115 [0.916, 0.961]  stress 0.9452  test+ 0.450  (9.1s)  add test rows with P>0.98/<0.02, refit

== E1 validation schemes (band_accopt)
{
 "SKF_y": {
  "mean": 0.954893300248139,
  "fold_sd": 0.014573975170986386,
  "sd_of_repeat_means": 0.0024308478332914648
 },
 "SKF_y_x_zone": {
  "mean": 0.9554061207609594,
  "fold_sd": 0.011391680453363376,
  "sd_of_repeat_means": 0.0011783462789588563
 },
 "size_stress_q0.5": {
  "E0a": 0.5322997416020672,
  "E0": 0.958656330749354,
  "E3a": 0.9405684754521964,
  "E5e": 0.9560723514211886,
  "E5f": 0.9457364341085271,
  "E5g": 0.5633074935400517
 },
 "size_stress_q0.6": {
  "E0a": 0.5548387096774193,
  "E0": 0.9612903225806452,
  "E3a": 0.9451612903225807,
  "E5e": 0.9612903225806452,
  "E5f": 0.9419354838709677,
  "E5g": 0.5870967741935483
 },
 "size_stress_q0.7": {
  "E0a": 0.648068669527897,
  "E0": 0.9699570815450643,
  "E3a": 0.9570815450643777,
  "E5e": 0.9699570815450643,
  "E5f": 0.9356223175965666,
  "E5g": 0.6609442060085837
 }
}

== E11 residual-signal test near the band edges
  {'n_near': 204, 'margin_only': (0.3736507914713412, 0.8372926829268291), 'margin_plus_all': (0.39588360242254744, 0.8088536585365853)}

== E12 ratio search (in-sample best band acc, optimistic)
  0.9588  aloo/guests
  0.9562  aloo/(guests+1*dhol_players)
  0.9562  aloo/(guests+1*drone)
  0.9549  aloo/(guests+2*drone)
  0.9536  aloo/(guests+1*aunties_asking_when_marriage)
  0.9485  aloo/(guests+2*dhol_players)
  0.9459  aloo/(guests+10)
  0.9381  aloo/(guests+2*aunties_asking_when_marriage)
  0.9214  aloo/(guests+25)
  0.8299  aloo/mutton_kg
  0.8196  aloo/borhani

== E10 final: bagged soft band on all clean train rows
  {'weights': {'lin': np.float64(0.016255692356459125), 'log': np.float64(0.9837443076435408)}, 'mle': {'lin': [0.9927, 1.9968, 19.5254], 'log': [0.9911, 1.9912, 30.1477]}, 'bayes_cuts': [0.9914999999999844, 1.9914999999998741]}

== E15 size-dependent edge width (log-space soft band, k = exp(a + gamma*log(guests/median)))
  {'lo': 0.9906100803620099, 'hi': 1.9913907553677908, 'k_at_median': 30.894559998984224, 'gamma': 0.11169468594875731, 'lr_stat': 0.6522742457803758, 'p': 0.4193007490309608, 'k_at_100_guests': 26.702269969946283, 'k_at_1400_guests': 35.85622739828868}

== E16 final decisions: sharp midcut band + out-of-fold error rate by distance to the edge
  {'cuts': [0.9706766917293232, 2.0098330674658804], 'lower_gap': [0.9699248120300752, 0.9714285714285714], 'upper_gap': [2.0097323600973236, 2.0099337748344372], 'oof_error_by_distance': {'0.0-0.01': 0.1273, '0.01-0.035': 0.3738, '0.035-0.1': 0.1484, '0.1-0.4': 0.0219, '0.4-inf': 0.0002}, 'test_rows_in_gaps': ['W0968', 'W1163']}
== E13 hedge: flip m=9 most-uncertain rows; expected private gain of max(A,B) over A: +0.423 rows  (curve: {0: 0.0, 1: 0.25, 2: 0.317, 3: 0.353, 4: 0.378, 5: 0.396, 6: 0.409, 7: 0.415, 8: 0.419, 9: 0.423, 10: 0.419, 11: 0.418, 12: 0.417, 13: 0.413, 14: 0.412, 15: 0.407, 16: 0.406, 17: 0.401, 18: 0.395, 19: 0.384, 20: 0.38})
  uncertain test rows (0.2<p<0.8):
wedding_id  guests   aloo    apg      p  A  B
     W0861    82.0   77.0 0.9390 0.3738  0  0
     W1109   495.0  465.0 0.9394 0.3738  0  0
     W1105   186.0  176.0 0.9462 0.3738  0  0
     W0851  1109.0 1050.0 0.9468 0.3738  0  0
     W1006   269.0  257.0 0.9554 0.3738  0  1
     W1163   203.0  197.0 0.9704 0.3843  0  1
     W0968   578.0  561.0 0.9706 0.4562  0  1
     W1119   426.0  418.0 0.9812 0.6262  1  0
     W1157   317.0  313.0 0.9874 0.6262  1  0
     W1179  1400.0 1399.0 0.9993 0.6262  1  1
     W1022  1485.0 1487.0 1.0013 0.6262  1  1
     W0972   179.0  180.0 1.0056 0.6262  1  1
     W1002   461.0  912.0 1.9783 0.6262  1  1
     W0815   508.0 1006.0 1.9803 0.6262  1  1
     W0970   793.0 1571.0 1.9811 0.6262  1  1
     W1148   552.0 1094.0 1.9819 0.6262  1  1
     W1135  1467.0 2913.0 1.9857 0.6262  1  1
     W0865  1319.0 2627.0 1.9917 0.6262  1  1
     W0839   376.0  750.0 1.9947 0.6262  1  0
     W1079   374.0  756.0 2.0214 0.3738  0  1
     W1023   935.0 1894.0 2.0257 0.3738  0  1
     W0974   442.0  896.0 2.0271 0.3738  0  1
     W1058   432.0  879.0 2.0347 0.3738  0  0
     W1180  1101.0 2242.0 2.0363 0.3738  0  0
     W1166    55.0  112.0 2.0364 0.3738  0  0
     W0802   426.0  868.0 2.0376 0.3738  0  0

== diff vs public submission files
  foysalemonshanto_kacchi-aloo-mystery-deep-eda\submission_rule.csv      vs E0:   0  vs A:   2  vs B:   7
  foysalemonshanto_lb-0-95027-kacchi-aloo-theory\submission.csv          vs E0:   0  vs A:   2  vs B:   7
  foysalemonshanto_lb-0-95027-kacchi-aloo-theory\submission_band_rule.csv vs E0:   0  vs A:   2  vs B:   7
  foysalemonshanto_lb-0-95027-kacchi-aloo-theory\submission_knn5.csv     vs E0:   7  vs A:   5  vs B:  14
  foysalemonshanto_lb-0-95027-kacchi-aloo-theory\submission_lgbm_logapg.csv vs E0:   2  vs A:   0  vs B:   9
  foysalemonshanto_lb-0-95027-kacchi-aloo-theory\submission_logmle_band.csv vs E0:   6  vs A:   4  vs B:   7
  rafiurrahman01_the-aloo-theory-the-goldilocks-band\submission.csv      vs E0:   2  vs A:   0  vs B:   9

wrote outputs to D:/Kaggle/The Great Kacchi Aloo Mystery/outputs/ in 227s
experiment_id parent_id  cv_score  cv_std  size_stress_acc  delta_vs_parent  p_corrected            decision                                                     reason
          E0a         -    0.8082  0.0277           0.5548              NaN          NaN            BASELINE                                                  reference
           E0         -    0.9546  0.0108           0.9613              NaN          NaN            BASELINE                                                  reference
          E0b        E0    0.9543  0.0111           0.9613          -0.0004       0.7584 NEEDS_MORE_EVIDENCE                           -0.0004, p=0.76: within CV noise
          E0c        E0    0.9446  0.0117           0.9452          -0.0100       0.0592 NEEDS_MORE_EVIDENCE                           -0.0100, p=0.06: within CV noise
          E2a        E0    0.9544  0.0105           0.9613          -0.0003       0.6990 NEEDS_MORE_EVIDENCE                           -0.0003, p=0.70: within CV noise
          E2b        E0    0.9544  0.0105           0.9613          -0.0003       0.6990 NEEDS_MORE_EVIDENCE                           -0.0003, p=0.70: within CV noise
          E2c       E3a    0.9400  0.0112           0.9387          -0.0022       0.1777 NEEDS_MORE_EVIDENCE                           -0.0022, p=0.18: within CV noise
          E3a        E0    0.9421  0.0115           0.9452          -0.0125       0.0301              REJECT                                    -0.0125 (p=0.030) vs E0
          E3b       E3a    0.9386  0.0125           0.9387          -0.0030       0.2161              REJECT no significant gain (-0.0030, p=0.22); simpler parent kept
          E4a        E0    0.9506  0.0108           0.9419          -0.0040       0.4521 NEEDS_MORE_EVIDENCE                           -0.0040, p=0.45: within CV noise
          E5a       E3a    0.9450  0.0120           0.9484           0.0028       0.2710 NEEDS_MORE_EVIDENCE                           +0.0028, p=0.27: within CV noise
          E5b       E3a    0.9504  0.0101           0.9484           0.0082       0.2191 NEEDS_MORE_EVIDENCE                           +0.0082, p=0.22: within CV noise
          E5c       E5b    0.9476  0.0096           0.9452          -0.0028       0.5562 NEEDS_MORE_EVIDENCE                           -0.0028, p=0.56: within CV noise
          E5d       E0a    0.5620  0.0311           0.5419          -0.2463       0.0000              REJECT                                   -0.2463 (p=0.000) vs E0a
          E5e       E3a    0.9537  0.0117           0.9613           0.0116       0.0927              REJECT no significant gain (+0.0116, p=0.09); simpler parent kept
          E5f       E5e    0.9412  0.0131           0.9419          -0.0125       0.0819              REJECT no significant gain (-0.0125, p=0.08); simpler parent kept
          E5g       E0a    0.8255  0.0248           0.5871           0.0173       0.1983              REJECT no significant gain (+0.0173, p=0.20); simpler parent kept
           E6       E3a    0.9504  0.0107           0.9516           0.0082       0.0445                KEEP                                   +0.0082 (p=0.045) vs E3a
           E7        E6    0.9445  0.0114           0.9484          -0.0059       0.0909 NEEDS_MORE_EVIDENCE                           -0.0059, p=0.09: within CV noise
           E8        E6    0.9425  0.0141           0.9452          -0.0069       0.1256              REJECT no significant gain (-0.0069, p=0.13); simpler parent kept
           E9       E3a    0.9421  0.0115           0.9452           0.0000       1.0000              REJECT              no effect on CV or on test predictions vs E3a
